// Jest Snapshot v1, https://goo.gl/fbAQLP

exports[`should take a snapshot 1`] = `
<div>
  <div>
    <form
      class=""
    >
      <div
        class="mb-3"
      >
        <label
          class="form-label"
          for="name"
        >
          Organization Name
        </label>
        <input
          class="form-control"
          id="name"
          name="name"
          placeholder="Enter organization name"
          type="text"
        />
      </div>
      
      <div
        class="form-control"
      >
        <label />
        <button
          class="admin-button"
          type="submit"
        >
          Add Organization
        </button>
      </div>
    </form>
  </div>
</div>
`;
