// Jest Snapshot v1, https://goo.gl/fbAQLP

exports[`should take a snapshot 1`] = `
<div>
  <div
    class="container"
  >
    <div
      class="MuiGrid-root legend-grid MuiGrid-container MuiGrid-align-items-xs-center"
    >
      <div
        class="legend"
      >
        <h1
          class="legend-header"
        >
          Map Layers
        </h1>
        <div
          class="legend-item"
        >
          <label
            class="legend-label"
          >
            <input
              checked=""
              class="legend-input"
              type="checkbox"
            />
            RSU
          </label>
        </div>
        <div
          class="legend-item"
        >
          <label
            class="legend-label"
          >
            <input
              class="legend-input"
              type="checkbox"
            />
            Heatmap
          </label>
        </div>
        <div
          class="legend-item"
        >
          <label
            class="legend-label"
          >
            <input
              class="legend-input"
              type="checkbox"
            />
            BSM Viewer
          </label>
        </div>
        <div
          class="legend-item"
        >
          <label
            class="legend-label"
          >
            <input
              class="legend-input"
              type="checkbox"
            />
            WZDx
          </label>
        </div>
      </div>
      <div
        class="rsu-status-div"
      >
        <h1
          class="legend-header"
        >
          RSU Status
        </h1>
        <label
          class="rsu-status-label"
        >
          <input
            checked=""
            class="rsu-status-input"
            name="none-status-radio"
            type="radio"
            value="none"
          />
          None
        </label>
        <label
          class="rsu-status-label"
        >
          <input
            class="rsu-status-input"
            name="online-status-radio"
            type="radio"
            value="online"
          />
          Online Status
        </label>
        <label
          class="rsu-status-label"
        >
          <input
            class="rsu-status-input"
            name="scms-status-radio"
            type="radio"
            value="scms"
          />
          SCMS Status
        </label>
      </div>
    </div>
    <div
      class="container-fluid"
      style="width: 100%; height: calc(100vh - 100px); display: flex;"
    >
      <div
        style="position: relative; width: 100%; height: 100%;"
      />
    </div>
  </div>
</div>
`;
