// Jest Snapshot v1, https://goo.gl/fbAQLP

exports[`should take a snapshot 1`] = `
<div>
  <div
    style="padding: 5px; display: inline-block; border-radius: 50%; width: 5px; height: 5px; background-color: rgb(176, 176, 176);"
  />
</div>
`;
